Using /usr/local/ruby/.rvm/gems/ruby-1.9.2-p180
ruby@rorserver:~/rails_projects/sample_app/config$ cd ..
ruby@rorserver:~/rails_projects/sample_app$ rails generate model User name:string email:string
      invoke  active_record
      create    db/migrate/20110411034525_create_users.rb
      create    app/models/user.rb
      invoke    rspec
      create      spec/models/user_spec.rb
ruby@rorserver:~/rails_projects/sample_app$ rake db:migrate
(in /usr/local/ruby/rails_projects/sample_app)
==  CreateUsers: migrating ====================================================
-- create_table(:users)
   -> 0.0028s
==  CreateUsers: migrated (0.0031s) ===========================================

ruby@rorserver:~/rails_projects/sample_app$
ruby@rorserver:~/rails_projects/sample_app$ bundle install
Fetching source index for http://rubygems.org/
Using rake (0.8.7) 
Using abstract (1.0.0) 
Using activesupport (3.0.5) 
Using builder (2.1.2) 
Using i18n (0.5.0) 
Using activemodel (3.0.5) 
Using erubis (2.6.6) 
Using rack (1.2.2) 
Using rack-mount (0.6.14) 
Using rack-test (0.5.7) 
Using tzinfo (0.3.26) 
Using actionpack (3.0.5) 
Using mime-types (1.16) 
Using polyglot (0.3.1) 
Using treetop (1.4.9) 
Using mail (2.2.15) 
Using actionmailer (3.0.5) 
Using arel (2.0.9) 
Using activerecord (3.0.5) 
Using activeresource (3.0.5) 
Installing annotate-models (1.0.4) 
Using bundler (1.0.10) 
Using diff-lcs (1.1.2) 
Using nokogiri (1.4.4) 
Using thor (0.14.6) 
Using railties (3.0.5) 
Using rails (3.0.5) 
Using rspec-core (2.5.1) 
Using rspec-expectations (2.5.0) 
Using rspec-mocks (2.5.0) 
Using rspec (2.5.0) 
Using rspec-rails (2.5.0) 
Using spork (0.8.4) 
Using sqlite3-ruby (1.3.2) 
Using webrat (0.7.1) 
Your bundle is complete! Use `bundle show [gemname]` to see where a bundled gem is installed.
ruby@rorserver:~/rails_projects/sample_app$ annotate
Annotated User
ruby@rorserver:~/rails_projects/sample_app$ rake db:test:prepare
(in /usr/local/ruby/rails_projects/sample_app)
ruby@rorserver:~/rails_projects/sample_app$ rspec spec/models/user_spec.rb 
*

Pending:
  User add some examples to (or delete) /usr/local/ruby/rails_projects/sample_app/spec/models/user_spec.rb
    # Not Yet Implemented
    # ./spec/models/user_spec.rb:4

Finished in 0.00024 seconds
1 example, 0 failures, 1 pending
ruby@rorserver:~/rails_projects/sample_app$ rspec spec/models/user_spec.rb 
.*

Pending:
  User should require a name
    # Not Yet Implemented
    # ./spec/models/user_spec.rb:13

Finished in 0.21079 seconds
2 examples, 0 failures, 1 pending
ruby@rorserver:~/rails_projects/sample_app$ rspec spec/models/user_spec.rb 
..

Finished in 0.27573 seconds
2 examples, 0 failures
ruby@rorserver:~/rails_projects/sample_app$ rspec spec/models/user_spec.rb 
..F

Failures:

  1) User should require an email address
     Failure/Error: no_email_user.should_not be_valid
       expected valid? to return false, got true
     # ./spec/models/user_spec.rb:20:in `block (2 levels) in <top (required)>'

Finished in 0.21904 seconds
3 examples, 1 failure
ruby@rorserver:~/rails_projects/sample_app$ rspec spec/models/user_spec.rb 
...

Finished in 0.22276 seconds
3 examples, 0 failures
ruby@rorserver:~/rails_projects/sample_app$ rspec spec/models/user_spec.rb 
...

Finished in 0.23462 seconds
3 examples, 0 failures
ruby@rorserver:~/rails_projects/sample_app$ rspec spec/models/user_spec.rb 
....

Finished in 0.22855 seconds
4 examples, 0 failures
ruby@rorserver:~/rails_projects/sample_app$ rspec spec/models/user_spec.rb 
.....F

Failures:

  1) User should reject invalid email addresses
     Failure/Error: invalid_email_user.should_not be_valid
       expected valid? to return false, got true
     # ./spec/models/user_spec.rb:40:in `block (3 levels) in <top (required)>'
     # ./spec/models/user_spec.rb:38:in `each'
     # ./spec/models/user_spec.rb:38:in `block (2 levels) in <top (required)>'

Finished in 0.26076 seconds
6 examples, 1 failure
ruby@rorserver:~/rails_projects/sample_app$ rspec spec/models/user_spec.rb 
......

Finished in 0.22715 seconds
6 examples, 0 failures
ruby@rorserver:~/rails_projects/sample_app$ rspec spec/models/user_spec.rb 
......FF

Failures:

  1) User should reject duplicate email addresses
     Failure/Error: user_with_duplicate_email.should_not be_valid
       expected valid? to return false, got true
     # ./spec/models/user_spec.rb:48:in `block (2 levels) in <top (required)>'

  2) User should reject email addresses identical up to case
     Failure/Error: user_with_duplicate_email.should_not be_valid
       expected valid? to return false, got true
     # ./spec/models/user_spec.rb:54:in `block (2 levels) in <top (required)>'

Finished in 0.20892 seconds
8 examples, 2 failures
ruby@rorserver:~/rails_projects/sample_app$ rspec spec/models/user_spec.rb 
/usr/local/ruby/.rvm/gems/ruby-1.9.2-p180/gems/activesupport-3.0.5/lib/active_support/dependencies.rb:239:in `require': /usr/local/ruby/rails_projects/sample_app/app/models/user.rb:22: syntax error, unexpected tASSOC, expecting keyword_end (SyntaxError)
          :uniqueness => { :case_sensitive => false}
                        ^
	from /usr/local/ruby/.rvm/gems/ruby-1.9.2-p180/gems/activesupport-3.0.5/lib/active_support/dependencies.rb:239:in `block in require'
	from /usr/local/ruby/.rvm/gems/ruby-1.9.2-p180/gems/activesupport-3.0.5/lib/active_support/dependencies.rb:227:in `load_dependency'
	from /usr/local/ruby/.rvm/gems/ruby-1.9.2-p180/gems/activesupport-3.0.5/lib/active_support/dependencies.rb:239:in `require'
	from /usr/local/ruby/.rvm/gems/ruby-1.9.2-p180/gems/activesupport-3.0.5/lib/active_support/dependencies.rb:346:in `require_or_load'
	from /usr/local/ruby/.rvm/gems/ruby-1.9.2-p180/gems/activesupport-3.0.5/lib/active_support/dependencies.rb:300:in `depend_on'
	from /usr/local/ruby/.rvm/gems/ruby-1.9.2-p180/gems/activesupport-3.0.5/lib/active_support/dependencies.rb:216:in `require_dependency'
	from /usr/local/ruby/.rvm/gems/ruby-1.9.2-p180/gems/railties-3.0.5/lib/rails/engine.rb:138:in `block (2 levels) in eager_load!'
	from /usr/local/ruby/.rvm/gems/ruby-1.9.2-p180/gems/railties-3.0.5/lib/rails/engine.rb:137:in `each'
	from /usr/local/ruby/.rvm/gems/ruby-1.9.2-p180/gems/railties-3.0.5/lib/rails/engine.rb:137:in `block in eager_load!'
	from /usr/local/ruby/.rvm/gems/ruby-1.9.2-p180/gems/railties-3.0.5/lib/rails/engine.rb:135:in `each'
	from /usr/local/ruby/.rvm/gems/ruby-1.9.2-p180/gems/railties-3.0.5/lib/rails/engine.rb:135:in `eager_load!'
	from /usr/local/ruby/.rvm/gems/ruby-1.9.2-p180/gems/railties-3.0.5/lib/rails/application.rb:108:in `eager_load!'
	from /usr/local/ruby/.rvm/gems/ruby-1.9.2-p180/gems/railties-3.0.5/lib/rails/application/finisher.rb:41:in `block in <module:Finisher>'
	from /usr/local/ruby/.rvm/gems/ruby-1.9.2-p180/gems/railties-3.0.5/lib/rails/initializable.rb:25:in `instance_exec'
	from /usr/local/ruby/.rvm/gems/ruby-1.9.2-p180/gems/railties-3.0.5/lib/rails/initializable.rb:25:in `run'
	from /usr/local/ruby/.rvm/gems/ruby-1.9.2-p180/gems/railties-3.0.5/lib/rails/initializable.rb:50:in `block in run_initializers'
	from /usr/local/ruby/.rvm/gems/ruby-1.9.2-p180/gems/railties-3.0.5/lib/rails/initializable.rb:49:in `each'
	from /usr/local/ruby/.rvm/gems/ruby-1.9.2-p180/gems/railties-3.0.5/lib/rails/initializable.rb:49:in `run_initializers'
	from /usr/local/ruby/.rvm/gems/ruby-1.9.2-p180/gems/railties-3.0.5/lib/rails/application.rb:134:in `initialize!'
	from /usr/local/ruby/.rvm/gems/ruby-1.9.2-p180/gems/railties-3.0.5/lib/rails/application.rb:77:in `method_missing'
	from /usr/local/ruby/rails_projects/sample_app/config/environment.rb:5:in `<top (required)>'
	from <internal:lib/rubygems/custom_require>:29:in `require'
	from <internal:lib/rubygems/custom_require>:29:in `require'
	from /usr/local/ruby/rails_projects/sample_app/spec/spec_helper.rb:8:in `block in <top (required)>'
	from /usr/local/ruby/.rvm/gems/ruby-1.9.2-p180/gems/spork-0.8.4/lib/spork.rb:23:in `prefork'
	from /usr/local/ruby/rails_projects/sample_app/spec/spec_helper.rb:3:in `<top (required)>'
	from <internal:lib/rubygems/custom_require>:29:in `require'
	from <internal:lib/rubygems/custom_require>:29:in `require'
	from /usr/local/ruby/rails_projects/sample_app/spec/models/user_spec.rb:1:in `<top (required)>'
	from /usr/local/ruby/.rvm/gems/ruby-1.9.2-p180/gems/rspec-core-2.5.1/lib/rspec/core/configuration.rb:386:in `load'
	from /usr/local/ruby/.rvm/gems/ruby-1.9.2-p180/gems/rspec-core-2.5.1/lib/rspec/core/configuration.rb:386:in `block in load_spec_files'
	from /usr/local/ruby/.rvm/gems/ruby-1.9.2-p180/gems/rspec-core-2.5.1/lib/rspec/core/configuration.rb:386:in `map'
	from /usr/local/ruby/.rvm/gems/ruby-1.9.2-p180/gems/rspec-core-2.5.1/lib/rspec/core/configuration.rb:386:in `load_spec_files'
	from /usr/local/ruby/.rvm/gems/ruby-1.9.2-p180/gems/rspec-core-2.5.1/lib/rspec/core/command_line.rb:18:in `run'
	from /usr/local/ruby/.rvm/gems/ruby-1.9.2-p180/gems/rspec-core-2.5.1/lib/rspec/core/runner.rb:55:in `run_in_process'
	from /usr/local/ruby/.rvm/gems/ruby-1.9.2-p180/gems/rspec-core-2.5.1/lib/rspec/core/runner.rb:46:in `run'
	from /usr/local/ruby/.rvm/gems/ruby-1.9.2-p180/gems/rspec-core-2.5.1/lib/rspec/core/runner.rb:10:in `block in autorun'
ruby@rorserver:~/rails_projects/sample_app$ rspec spec/models/user_spec.rb 
........

Finished in 0.25966 seconds
8 examples, 0 failures
ruby@rorserver:~/rails_projects/sample_app$ rspec spec/models/user_spec.rb 
/usr/local/ruby/.rvm/gems/ruby-1.9.2-p180/gems/activesupport-3.0.5/lib/active_support/dependencies.rb:239:in `require': /usr/local/ruby/rails_projects/sample_app/app/models/user.rb:18: syntax error, unexpected ',', expecting ')' (SyntaxError)
  validates (:name,  :presence => true,
                   ^
/usr/local/ruby/rails_projects/sample_app/app/models/user.rb:18: Can't assign to true
/usr/local/ruby/rails_projects/sample_app/app/models/user.rb:19: syntax error, unexpected tASSOC, expecting tCOLON2 or '[' or '.'
             :length   => { :maximum => 50 })
                         ^
/usr/local/ruby/rails_projects/sample_app/app/models/user.rb:19: syntax error, unexpected ')', expecting keyword_end
/usr/local/ruby/rails_projects/sample_app/app/models/user.rb:20: syntax error, unexpected ',', expecting ')'
  validates (:email, :presence => true,
                    ^
/usr/local/ruby/rails_projects/sample_app/app/models/user.rb:20: Can't assign to true
/usr/local/ruby/rails_projects/sample_app/app/models/user.rb:21: syntax error, unexpected tASSOC, expecting tCOLON2 or '[' or '.'
             :format   => { :with => email_regex },
                         ^
/usr/local/ruby/rails_projects/sample_app/app/models/user.rb:21: syntax error, unexpected ',', expecting keyword_end
/usr/local/ruby/rails_projects/sample_app/app/models/user.rb:22: syntax error, unexpected ')', expecting keyword_end
	from /usr/local/ruby/.rvm/gems/ruby-1.9.2-p180/gems/activesupport-3.0.5/lib/active_support/dependencies.rb:239:in `block in require'
	from /usr/local/ruby/.rvm/gems/ruby-1.9.2-p180/gems/activesupport-3.0.5/lib/active_support/dependencies.rb:227:in `load_dependency'
	from /usr/local/ruby/.rvm/gems/ruby-1.9.2-p180/gems/activesupport-3.0.5/lib/active_support/dependencies.rb:239:in `require'
	from /usr/local/ruby/.rvm/gems/ruby-1.9.2-p180/gems/activesupport-3.0.5/lib/active_support/dependencies.rb:346:in `require_or_load'
	from /usr/local/ruby/.rvm/gems/ruby-1.9.2-p180/gems/activesupport-3.0.5/lib/active_support/dependencies.rb:300:in `depend_on'
	from /usr/local/ruby/.rvm/gems/ruby-1.9.2-p180/gems/activesupport-3.0.5/lib/active_support/dependencies.rb:216:in `require_dependency'
	from /usr/local/ruby/.rvm/gems/ruby-1.9.2-p180/gems/railties-3.0.5/lib/rails/engine.rb:138:in `block (2 levels) in eager_load!'
	from /usr/local/ruby/.rvm/gems/ruby-1.9.2-p180/gems/railties-3.0.5/lib/rails/engine.rb:137:in `each'
	from /usr/local/ruby/.rvm/gems/ruby-1.9.2-p180/gems/railties-3.0.5/lib/rails/engine.rb:137:in `block in eager_load!'
	from /usr/local/ruby/.rvm/gems/ruby-1.9.2-p180/gems/railties-3.0.5/lib/rails/engine.rb:135:in `each'
	from /usr/local/ruby/.rvm/gems/ruby-1.9.2-p180/gems/railties-3.0.5/lib/rails/engine.rb:135:in `eager_load!'
	from /usr/local/ruby/.rvm/gems/ruby-1.9.2-p180/gems/railties-3.0.5/lib/rails/application.rb:108:in `eager_load!'
	from /usr/local/ruby/.rvm/gems/ruby-1.9.2-p180/gems/railties-3.0.5/lib/rails/application/finisher.rb:41:in `block in <module:Finisher>'
	from /usr/local/ruby/.rvm/gems/ruby-1.9.2-p180/gems/railties-3.0.5/lib/rails/initializable.rb:25:in `instance_exec'
	from /usr/local/ruby/.rvm/gems/ruby-1.9.2-p180/gems/railties-3.0.5/lib/rails/initializable.rb:25:in `run'
	from /usr/local/ruby/.rvm/gems/ruby-1.9.2-p180/gems/railties-3.0.5/lib/rails/initializable.rb:50:in `block in run_initializers'
	from /usr/local/ruby/.rvm/gems/ruby-1.9.2-p180/gems/railties-3.0.5/lib/rails/initializable.rb:49:in `each'
	from /usr/local/ruby/.rvm/gems/ruby-1.9.2-p180/gems/railties-3.0.5/lib/rails/initializable.rb:49:in `run_initializers'
	from /usr/local/ruby/.rvm/gems/ruby-1.9.2-p180/gems/railties-3.0.5/lib/rails/application.rb:134:in `initialize!'
	from /usr/local/ruby/.rvm/gems/ruby-1.9.2-p180/gems/railties-3.0.5/lib/rails/application.rb:77:in `method_missing'
	from /usr/local/ruby/rails_projects/sample_app/config/environment.rb:5:in `<top (required)>'
	from <internal:lib/rubygems/custom_require>:29:in `require'
	from <internal:lib/rubygems/custom_require>:29:in `require'
	from /usr/local/ruby/rails_projects/sample_app/spec/spec_helper.rb:8:in `block in <top (required)>'
	from /usr/local/ruby/.rvm/gems/ruby-1.9.2-p180/gems/spork-0.8.4/lib/spork.rb:23:in `prefork'
	from /usr/local/ruby/rails_projects/sample_app/spec/spec_helper.rb:3:in `<top (required)>'
	from <internal:lib/rubygems/custom_require>:29:in `require'
	from <internal:lib/rubygems/custom_require>:29:in `require'
	from /usr/local/ruby/rails_projects/sample_app/spec/models/user_spec.rb:1:in `<top (required)>'
	from /usr/local/ruby/.rvm/gems/ruby-1.9.2-p180/gems/rspec-core-2.5.1/lib/rspec/core/configuration.rb:386:in `load'
	from /usr/local/ruby/.rvm/gems/ruby-1.9.2-p180/gems/rspec-core-2.5.1/lib/rspec/core/configuration.rb:386:in `block in load_spec_files'
	from /usr/local/ruby/.rvm/gems/ruby-1.9.2-p180/gems/rspec-core-2.5.1/lib/rspec/core/configuration.rb:386:in `map'
	from /usr/local/ruby/.rvm/gems/ruby-1.9.2-p180/gems/rspec-core-2.5.1/lib/rspec/core/configuration.rb:386:in `load_spec_files'
	from /usr/local/ruby/.rvm/gems/ruby-1.9.2-p180/gems/rspec-core-2.5.1/lib/rspec/core/command_line.rb:18:in `run'
	from /usr/local/ruby/.rvm/gems/ruby-1.9.2-p180/gems/rspec-core-2.5.1/lib/rspec/core/runner.rb:55:in `run_in_process'
	from /usr/local/ruby/.rvm/gems/ruby-1.9.2-p180/gems/rspec-core-2.5.1/lib/rspec/core/runner.rb:46:in `run'
	from /usr/local/ruby/.rvm/gems/ruby-1.9.2-p180/gems/rspec-core-2.5.1/lib/rspec/core/runner.rb:10:in `block in autorun'
ruby@rorserver:~/rails_projects/sample_app$ rspec spec/models/user_spec.rb 
/usr/local/ruby/.rvm/gems/ruby-1.9.2-p180/gems/activesupport-3.0.5/lib/active_support/dependencies.rb:239:in `require': /usr/local/ruby/rails_projects/sample_app/app/models/user.rb:18: syntax error, unexpected ',', expecting ')' (SyntaxError)
  validates (:name,  :presence => true,
                   ^
/usr/local/ruby/rails_projects/sample_app/app/models/user.rb:18: Can't assign to true
/usr/local/ruby/rails_projects/sample_app/app/models/user.rb:19: syntax error, unexpected tASSOC, expecting tCOLON2 or '[' or '.'
             :length   => { :maximum => 50 })
                         ^
/usr/local/ruby/rails_projects/sample_app/app/models/user.rb:19: syntax error, unexpected ')', expecting keyword_end
/usr/local/ruby/rails_projects/sample_app/app/models/user.rb:20: syntax error, unexpected ',', expecting ')'
  validates (:email, :presence => true,
                    ^
/usr/local/ruby/rails_projects/sample_app/app/models/user.rb:20: Can't assign to true
/usr/local/ruby/rails_projects/sample_app/app/models/user.rb:21: syntax error, unexpected tASSOC, expecting tCOLON2 or '[' or '.'
             :format   => { :with => email_regex },
                         ^
/usr/local/ruby/rails_projects/sample_app/app/models/user.rb:21: syntax error, unexpected ',', expecting keyword_end
/usr/local/ruby/rails_projects/sample_app/app/models/user.rb:22: syntax error, unexpected ')', expecting keyword_end
	from /usr/local/ruby/.rvm/gems/ruby-1.9.2-p180/gems/activesupport-3.0.5/lib/active_support/dependencies.rb:239:in `block in require'
	from /usr/local/ruby/.rvm/gems/ruby-1.9.2-p180/gems/activesupport-3.0.5/lib/active_support/dependencies.rb:227:in `load_dependency'
	from /usr/local/ruby/.rvm/gems/ruby-1.9.2-p180/gems/activesupport-3.0.5/lib/active_support/dependencies.rb:239:in `require'
	from /usr/local/ruby/.rvm/gems/ruby-1.9.2-p180/gems/activesupport-3.0.5/lib/active_support/dependencies.rb:346:in `require_or_load'
	from /usr/local/ruby/.rvm/gems/ruby-1.9.2-p180/gems/activesupport-3.0.5/lib/active_support/dependencies.rb:300:in `depend_on'
	from /usr/local/ruby/.rvm/gems/ruby-1.9.2-p180/gems/activesupport-3.0.5/lib/active_support/dependencies.rb:216:in `require_dependency'
	from /usr/local/ruby/.rvm/gems/ruby-1.9.2-p180/gems/railties-3.0.5/lib/rails/engine.rb:138:in `block (2 levels) in eager_load!'
	from /usr/local/ruby/.rvm/gems/ruby-1.9.2-p180/gems/railties-3.0.5/lib/rails/engine.rb:137:in `each'
	from /usr/local/ruby/.rvm/gems/ruby-1.9.2-p180/gems/railties-3.0.5/lib/rails/engine.rb:137:in `block in eager_load!'
	from /usr/local/ruby/.rvm/gems/ruby-1.9.2-p180/gems/railties-3.0.5/lib/rails/engine.rb:135:in `each'
	from /usr/local/ruby/.rvm/gems/ruby-1.9.2-p180/gems/railties-3.0.5/lib/rails/engine.rb:135:in `eager_load!'
	from /usr/local/ruby/.rvm/gems/ruby-1.9.2-p180/gems/railties-3.0.5/lib/rails/application.rb:108:in `eager_load!'
	from /usr/local/ruby/.rvm/gems/ruby-1.9.2-p180/gems/railties-3.0.5/lib/rails/application/finisher.rb:41:in `block in <module:Finisher>'
	from /usr/local/ruby/.rvm/gems/ruby-1.9.2-p180/gems/railties-3.0.5/lib/rails/initializable.rb:25:in `instance_exec'
	from /usr/local/ruby/.rvm/gems/ruby-1.9.2-p180/gems/railties-3.0.5/lib/rails/initializable.rb:25:in `run'
	from /usr/local/ruby/.rvm/gems/ruby-1.9.2-p180/gems/railties-3.0.5/lib/rails/initializable.rb:50:in `block in run_initializers'
	from /usr/local/ruby/.rvm/gems/ruby-1.9.2-p180/gems/railties-3.0.5/lib/rails/initializable.rb:49:in `each'
	from /usr/local/ruby/.rvm/gems/ruby-1.9.2-p180/gems/railties-3.0.5/lib/rails/initializable.rb:49:in `run_initializers'
	from /usr/local/ruby/.rvm/gems/ruby-1.9.2-p180/gems/railties-3.0.5/lib/rails/application.rb:134:in `initialize!'
	from /usr/local/ruby/.rvm/gems/ruby-1.9.2-p180/gems/railties-3.0.5/lib/rails/application.rb:77:in `method_missing'
	from /usr/local/ruby/rails_projects/sample_app/config/environment.rb:5:in `<top (required)>'
	from <internal:lib/rubygems/custom_require>:29:in `require'
	from <internal:lib/rubygems/custom_require>:29:in `require'
	from /usr/local/ruby/rails_projects/sample_app/spec/spec_helper.rb:8:in `block in <top (required)>'
	from /usr/local/ruby/.rvm/gems/ruby-1.9.2-p180/gems/spork-0.8.4/lib/spork.rb:23:in `prefork'
	from /usr/local/ruby/rails_projects/sample_app/spec/spec_helper.rb:3:in `<top (required)>'
	from <internal:lib/rubygems/custom_require>:29:in `require'
	from <internal:lib/rubygems/custom_require>:29:in `require'
	from /usr/local/ruby/rails_projects/sample_app/spec/models/user_spec.rb:1:in `<top (required)>'
	from /usr/local/ruby/.rvm/gems/ruby-1.9.2-p180/gems/rspec-core-2.5.1/lib/rspec/core/configuration.rb:386:in `load'
	from /usr/local/ruby/.rvm/gems/ruby-1.9.2-p180/gems/rspec-core-2.5.1/lib/rspec/core/configuration.rb:386:in `block in load_spec_files'
	from /usr/local/ruby/.rvm/gems/ruby-1.9.2-p180/gems/rspec-core-2.5.1/lib/rspec/core/configuration.rb:386:in `map'
	from /usr/local/ruby/.rvm/gems/ruby-1.9.2-p180/gems/rspec-core-2.5.1/lib/rspec/core/configuration.rb:386:in `load_spec_files'
	from /usr/local/ruby/.rvm/gems/ruby-1.9.2-p180/gems/rspec-core-2.5.1/lib/rspec/core/command_line.rb:18:in `run'
	from /usr/local/ruby/.rvm/gems/ruby-1.9.2-p180/gems/rspec-core-2.5.1/lib/rspec/core/runner.rb:55:in `run_in_process'
	from /usr/local/ruby/.rvm/gems/ruby-1.9.2-p180/gems/rspec-core-2.5.1/lib/rspec/core/runner.rb:46:in `run'
	from /usr/local/ruby/.rvm/gems/ruby-1.9.2-p180/gems/rspec-core-2.5.1/lib/rspec/core/runner.rb:10:in `block in autorun'
ruby@rorserver:~/rails_projects/sample_app$ rspec spec/models/user_spec.rb 
........

Finished in 0.22742 seconds
8 examples, 0 failures
ruby@rorserver:~/rails_projects/sample_app$ rspec spec/models/user_spec.rb 
/usr/local/ruby/.rvm/gems/ruby-1.9.2-p180/gems/activesupport-3.0.5/lib/active_support/dependencies.rb:239:in `require': /usr/local/ruby/rails_projects/sample_app/app/models/user.rb:18: syntax error, unexpected ',', expecting ')' (SyntaxError)
  validates (:name,  :presence => true,
                   ^
/usr/local/ruby/rails_projects/sample_app/app/models/user.rb:18: Can't assign to true
/usr/local/ruby/rails_projects/sample_app/app/models/user.rb:19: syntax error, unexpected tASSOC, expecting tCOLON2 or '[' or '.'
             :length   => { :maximum => 50 })
                         ^
/usr/local/ruby/rails_projects/sample_app/app/models/user.rb:19: syntax error, unexpected ')', expecting keyword_end
	from /usr/local/ruby/.rvm/gems/ruby-1.9.2-p180/gems/activesupport-3.0.5/lib/active_support/dependencies.rb:239:in `block in require'
	from /usr/local/ruby/.rvm/gems/ruby-1.9.2-p180/gems/activesupport-3.0.5/lib/active_support/dependencies.rb:227:in `load_dependency'
	from /usr/local/ruby/.rvm/gems/ruby-1.9.2-p180/gems/activesupport-3.0.5/lib/active_support/dependencies.rb:239:in `require'
	from /usr/local/ruby/.rvm/gems/ruby-1.9.2-p180/gems/activesupport-3.0.5/lib/active_support/dependencies.rb:346:in `require_or_load'
	from /usr/local/ruby/.rvm/gems/ruby-1.9.2-p180/gems/activesupport-3.0.5/lib/active_support/dependencies.rb:300:in `depend_on'
	from /usr/local/ruby/.rvm/gems/ruby-1.9.2-p180/gems/activesupport-3.0.5/lib/active_support/dependencies.rb:216:in `require_dependency'
	from /usr/local/ruby/.rvm/gems/ruby-1.9.2-p180/gems/railties-3.0.5/lib/rails/engine.rb:138:in `block (2 levels) in eager_load!'
	from /usr/local/ruby/.rvm/gems/ruby-1.9.2-p180/gems/railties-3.0.5/lib/rails/engine.rb:137:in `each'
	from /usr/local/ruby/.rvm/gems/ruby-1.9.2-p180/gems/railties-3.0.5/lib/rails/engine.rb:137:in `block in eager_load!'
	from /usr/local/ruby/.rvm/gems/ruby-1.9.2-p180/gems/railties-3.0.5/lib/rails/engine.rb:135:in `each'
	from /usr/local/ruby/.rvm/gems/ruby-1.9.2-p180/gems/railties-3.0.5/lib/rails/engine.rb:135:in `eager_load!'
	from /usr/local/ruby/.rvm/gems/ruby-1.9.2-p180/gems/railties-3.0.5/lib/rails/application.rb:108:in `eager_load!'
	from /usr/local/ruby/.rvm/gems/ruby-1.9.2-p180/gems/railties-3.0.5/lib/rails/application/finisher.rb:41:in `block in <module:Finisher>'
	from /usr/local/ruby/.rvm/gems/ruby-1.9.2-p180/gems/railties-3.0.5/lib/rails/initializable.rb:25:in `instance_exec'
	from /usr/local/ruby/.rvm/gems/ruby-1.9.2-p180/gems/railties-3.0.5/lib/rails/initializable.rb:25:in `run'
	from /usr/local/ruby/.rvm/gems/ruby-1.9.2-p180/gems/railties-3.0.5/lib/rails/initializable.rb:50:in `block in run_initializers'
	from /usr/local/ruby/.rvm/gems/ruby-1.9.2-p180/gems/railties-3.0.5/lib/rails/initializable.rb:49:in `each'
	from /usr/local/ruby/.rvm/gems/ruby-1.9.2-p180/gems/railties-3.0.5/lib/rails/initializable.rb:49:in `run_initializers'
	from /usr/local/ruby/.rvm/gems/ruby-1.9.2-p180/gems/railties-3.0.5/lib/rails/application.rb:134:in `initialize!'
	from /usr/local/ruby/.rvm/gems/ruby-1.9.2-p180/gems/railties-3.0.5/lib/rails/application.rb:77:in `method_missing'
	from /usr/local/ruby/rails_projects/sample_app/config/environment.rb:5:in `<top (required)>'
	from <internal:lib/rubygems/custom_require>:29:in `require'
	from <internal:lib/rubygems/custom_require>:29:in `require'
	from /usr/local/ruby/rails_projects/sample_app/spec/spec_helper.rb:8:in `block in <top (required)>'
	from /usr/local/ruby/.rvm/gems/ruby-1.9.2-p180/gems/spork-0.8.4/lib/spork.rb:23:in `prefork'
	from /usr/local/ruby/rails_projects/sample_app/spec/spec_helper.rb:3:in `<top (required)>'
	from <internal:lib/rubygems/custom_require>:29:in `require'
	from <internal:lib/rubygems/custom_require>:29:in `require'
	from /usr/local/ruby/rails_projects/sample_app/spec/models/user_spec.rb:1:in `<top (required)>'
	from /usr/local/ruby/.rvm/gems/ruby-1.9.2-p180/gems/rspec-core-2.5.1/lib/rspec/core/configuration.rb:386:in `load'
	from /usr/local/ruby/.rvm/gems/ruby-1.9.2-p180/gems/rspec-core-2.5.1/lib/rspec/core/configuration.rb:386:in `block in load_spec_files'
	from /usr/local/ruby/.rvm/gems/ruby-1.9.2-p180/gems/rspec-core-2.5.1/lib/rspec/core/configuration.rb:386:in `map'
	from /usr/local/ruby/.rvm/gems/ruby-1.9.2-p180/gems/rspec-core-2.5.1/lib/rspec/core/configuration.rb:386:in `load_spec_files'
	from /usr/local/ruby/.rvm/gems/ruby-1.9.2-p180/gems/rspec-core-2.5.1/lib/rspec/core/command_line.rb:18:in `run'
	from /usr/local/ruby/.rvm/gems/ruby-1.9.2-p180/gems/rspec-core-2.5.1/lib/rspec/core/runner.rb:55:in `run_in_process'
	from /usr/local/ruby/.rvm/gems/ruby-1.9.2-p180/gems/rspec-core-2.5.1/lib/rspec/core/runner.rb:46:in `run'
	from /usr/local/ruby/.rvm/gems/ruby-1.9.2-p180/gems/rspec-core-2.5.1/lib/rspec/core/runner.rb:10:in `block in autorun'
ruby@rorserver:~/rails_projects/sample_app$ rspec spec/models/user_spec.rb 
/usr/local/ruby/.rvm/gems/ruby-1.9.2-p180/gems/activesupport-3.0.5/lib/active_support/dependencies.rb:239:in `require': /usr/local/ruby/rails_projects/sample_app/app/models/user.rb:18: syntax error, unexpected ',', expecting ')' (SyntaxError)
  validates (:name,  {:presence => true,
                   ^
/usr/local/ruby/rails_projects/sample_app/app/models/user.rb:18: Can't assign to true
/usr/local/ruby/rails_projects/sample_app/app/models/user.rb:19: syntax error, unexpected tASSOC, expecting tCOLON2 or '[' or '.'
               :length   => { :maximum => 50 }})
                           ^
/usr/local/ruby/rails_projects/sample_app/app/models/user.rb:19: syntax error, unexpected '}', expecting keyword_end
               :length   => { :maximum => 50 }})
                                               ^
	from /usr/local/ruby/.rvm/gems/ruby-1.9.2-p180/gems/activesupport-3.0.5/lib/active_support/dependencies.rb:239:in `block in require'
	from /usr/local/ruby/.rvm/gems/ruby-1.9.2-p180/gems/activesupport-3.0.5/lib/active_support/dependencies.rb:227:in `load_dependency'
	from /usr/local/ruby/.rvm/gems/ruby-1.9.2-p180/gems/activesupport-3.0.5/lib/active_support/dependencies.rb:239:in `require'
	from /usr/local/ruby/.rvm/gems/ruby-1.9.2-p180/gems/activesupport-3.0.5/lib/active_support/dependencies.rb:346:in `require_or_load'
	from /usr/local/ruby/.rvm/gems/ruby-1.9.2-p180/gems/activesupport-3.0.5/lib/active_support/dependencies.rb:300:in `depend_on'
	from /usr/local/ruby/.rvm/gems/ruby-1.9.2-p180/gems/activesupport-3.0.5/lib/active_support/dependencies.rb:216:in `require_dependency'
	from /usr/local/ruby/.rvm/gems/ruby-1.9.2-p180/gems/railties-3.0.5/lib/rails/engine.rb:138:in `block (2 levels) in eager_load!'
	from /usr/local/ruby/.rvm/gems/ruby-1.9.2-p180/gems/railties-3.0.5/lib/rails/engine.rb:137:in `each'
	from /usr/local/ruby/.rvm/gems/ruby-1.9.2-p180/gems/railties-3.0.5/lib/rails/engine.rb:137:in `block in eager_load!'
	from /usr/local/ruby/.rvm/gems/ruby-1.9.2-p180/gems/railties-3.0.5/lib/rails/engine.rb:135:in `each'
	from /usr/local/ruby/.rvm/gems/ruby-1.9.2-p180/gems/railties-3.0.5/lib/rails/engine.rb:135:in `eager_load!'
	from /usr/local/ruby/.rvm/gems/ruby-1.9.2-p180/gems/railties-3.0.5/lib/rails/application.rb:108:in `eager_load!'
	from /usr/local/ruby/.rvm/gems/ruby-1.9.2-p180/gems/railties-3.0.5/lib/rails/application/finisher.rb:41:in `block in <module:Finisher>'
	from /usr/local/ruby/.rvm/gems/ruby-1.9.2-p180/gems/railties-3.0.5/lib/rails/initializable.rb:25:in `instance_exec'
	from /usr/local/ruby/.rvm/gems/ruby-1.9.2-p180/gems/railties-3.0.5/lib/rails/initializable.rb:25:in `run'
	from /usr/local/ruby/.rvm/gems/ruby-1.9.2-p180/gems/railties-3.0.5/lib/rails/initializable.rb:50:in `block in run_initializers'
	from /usr/local/ruby/.rvm/gems/ruby-1.9.2-p180/gems/railties-3.0.5/lib/rails/initializable.rb:49:in `each'
	from /usr/local/ruby/.rvm/gems/ruby-1.9.2-p180/gems/railties-3.0.5/lib/rails/initializable.rb:49:in `run_initializers'
	from /usr/local/ruby/.rvm/gems/ruby-1.9.2-p180/gems/railties-3.0.5/lib/rails/application.rb:134:in `initialize!'
	from /usr/local/ruby/.rvm/gems/ruby-1.9.2-p180/gems/railties-3.0.5/lib/rails/application.rb:77:in `method_missing'
	from /usr/local/ruby/rails_projects/sample_app/config/environment.rb:5:in `<top (required)>'
	from <internal:lib/rubygems/custom_require>:29:in `require'
	from <internal:lib/rubygems/custom_require>:29:in `require'
	from /usr/local/ruby/rails_projects/sample_app/spec/spec_helper.rb:8:in `block in <top (required)>'
	from /usr/local/ruby/.rvm/gems/ruby-1.9.2-p180/gems/spork-0.8.4/lib/spork.rb:23:in `prefork'
	from /usr/local/ruby/rails_projects/sample_app/spec/spec_helper.rb:3:in `<top (required)>'
	from <internal:lib/rubygems/custom_require>:29:in `require'
	from <internal:lib/rubygems/custom_require>:29:in `require'
	from /usr/local/ruby/rails_projects/sample_app/spec/models/user_spec.rb:1:in `<top (required)>'
	from /usr/local/ruby/.rvm/gems/ruby-1.9.2-p180/gems/rspec-core-2.5.1/lib/rspec/core/configuration.rb:386:in `load'
	from /usr/local/ruby/.rvm/gems/ruby-1.9.2-p180/gems/rspec-core-2.5.1/lib/rspec/core/configuration.rb:386:in `block in load_spec_files'
	from /usr/local/ruby/.rvm/gems/ruby-1.9.2-p180/gems/rspec-core-2.5.1/lib/rspec/core/configuration.rb:386:in `map'
	from /usr/local/ruby/.rvm/gems/ruby-1.9.2-p180/gems/rspec-core-2.5.1/lib/rspec/core/configuration.rb:386:in `load_spec_files'
	from /usr/local/ruby/.rvm/gems/ruby-1.9.2-p180/gems/rspec-core-2.5.1/lib/rspec/core/command_line.rb:18:in `run'
	from /usr/local/ruby/.rvm/gems/ruby-1.9.2-p180/gems/rspec-core-2.5.1/lib/rspec/core/runner.rb:55:in `run_in_process'
	from /usr/local/ruby/.rvm/gems/ruby-1.9.2-p180/gems/rspec-core-2.5.1/lib/rspec/core/runner.rb:46:in `run'
	from /usr/local/ruby/.rvm/gems/ruby-1.9.2-p180/gems/rspec-core-2.5.1/lib/rspec/core/runner.rb:10:in `block in autorun'
ruby@rorserver:~/rails_projects/sample_app$ rspec spec/models/user_spec.rb 
/usr/local/ruby/.rvm/gems/ruby-1.9.2-p180/gems/activesupport-3.0.5/lib/active_support/dependencies.rb:239:in `require': /usr/local/ruby/rails_projects/sample_app/app/models/user.rb:18: syntax error, unexpected ',', expecting ')' (SyntaxError)
  validates (:name,  {:presence => true,
                   ^
/usr/local/ruby/rails_projects/sample_app/app/models/user.rb:18: Can't assign to true
/usr/local/ruby/rails_projects/sample_app/app/models/user.rb:19: syntax error, unexpected tASSOC, expecting tCOLON2 or '[' or '.'
               :length   => { :maximum => 50 }})
                           ^
/usr/local/ruby/rails_projects/sample_app/app/models/user.rb:19: syntax error, unexpected '}', expecting keyword_end
               :length   => { :maximum => 50 }})
                                               ^
	from /usr/local/ruby/.rvm/gems/ruby-1.9.2-p180/gems/activesupport-3.0.5/lib/active_support/dependencies.rb:239:in `block in require'
	from /usr/local/ruby/.rvm/gems/ruby-1.9.2-p180/gems/activesupport-3.0.5/lib/active_support/dependencies.rb:227:in `load_dependency'
	from /usr/local/ruby/.rvm/gems/ruby-1.9.2-p180/gems/activesupport-3.0.5/lib/active_support/dependencies.rb:239:in `require'
	from /usr/local/ruby/.rvm/gems/ruby-1.9.2-p180/gems/activesupport-3.0.5/lib/active_support/dependencies.rb:346:in `require_or_load'
	from /usr/local/ruby/.rvm/gems/ruby-1.9.2-p180/gems/activesupport-3.0.5/lib/active_support/dependencies.rb:300:in `depend_on'
	from /usr/local/ruby/.rvm/gems/ruby-1.9.2-p180/gems/activesupport-3.0.5/lib/active_support/dependencies.rb:216:in `require_dependency'
	from /usr/local/ruby/.rvm/gems/ruby-1.9.2-p180/gems/railties-3.0.5/lib/rails/engine.rb:138:in `block (2 levels) in eager_load!'
	from /usr/local/ruby/.rvm/gems/ruby-1.9.2-p180/gems/railties-3.0.5/lib/rails/engine.rb:137:in `each'
	from /usr/local/ruby/.rvm/gems/ruby-1.9.2-p180/gems/railties-3.0.5/lib/rails/engine.rb:137:in `block in eager_load!'
	from /usr/local/ruby/.rvm/gems/ruby-1.9.2-p180/gems/railties-3.0.5/lib/rails/engine.rb:135:in `each'
	from /usr/local/ruby/.rvm/gems/ruby-1.9.2-p180/gems/railties-3.0.5/lib/rails/engine.rb:135:in `eager_load!'
	from /usr/local/ruby/.rvm/gems/ruby-1.9.2-p180/gems/railties-3.0.5/lib/rails/application.rb:108:in `eager_load!'
	from /usr/local/ruby/.rvm/gems/ruby-1.9.2-p180/gems/railties-3.0.5/lib/rails/application/finisher.rb:41:in `block in <module:Finisher>'
	from /usr/local/ruby/.rvm/gems/ruby-1.9.2-p180/gems/railties-3.0.5/lib/rails/initializable.rb:25:in `instance_exec'
	from /usr/local/ruby/.rvm/gems/ruby-1.9.2-p180/gems/railties-3.0.5/lib/rails/initializable.rb:25:in `run'
	from /usr/local/ruby/.rvm/gems/ruby-1.9.2-p180/gems/railties-3.0.5/lib/rails/initializable.rb:50:in `block in run_initializers'
	from /usr/local/ruby/.rvm/gems/ruby-1.9.2-p180/gems/railties-3.0.5/lib/rails/initializable.rb:49:in `each'
	from /usr/local/ruby/.rvm/gems/ruby-1.9.2-p180/gems/railties-3.0.5/lib/rails/initializable.rb:49:in `run_initializers'
	from /usr/local/ruby/.rvm/gems/ruby-1.9.2-p180/gems/railties-3.0.5/lib/rails/application.rb:134:in `initialize!'
	from /usr/local/ruby/.rvm/gems/ruby-1.9.2-p180/gems/railties-3.0.5/lib/rails/application.rb:77:in `method_missing'
	from /usr/local/ruby/rails_projects/sample_app/config/environment.rb:5:in `<top (required)>'
	from <internal:lib/rubygems/custom_require>:29:in `require'
	from <internal:lib/rubygems/custom_require>:29:in `require'
	from /usr/local/ruby/rails_projects/sample_app/spec/spec_helper.rb:8:in `block in <top (required)>'
	from /usr/local/ruby/.rvm/gems/ruby-1.9.2-p180/gems/spork-0.8.4/lib/spork.rb:23:in `prefork'
	from /usr/local/ruby/rails_projects/sample_app/spec/spec_helper.rb:3:in `<top (required)>'
	from <internal:lib/rubygems/custom_require>:29:in `require'
	from <internal:lib/rubygems/custom_require>:29:in `require'
	from /usr/local/ruby/rails_projects/sample_app/spec/models/user_spec.rb:1:in `<top (required)>'
	from /usr/local/ruby/.rvm/gems/ruby-1.9.2-p180/gems/rspec-core-2.5.1/lib/rspec/core/configuration.rb:386:in `load'
	from /usr/local/ruby/.rvm/gems/ruby-1.9.2-p180/gems/rspec-core-2.5.1/lib/rspec/core/configuration.rb:386:in `block in load_spec_files'
	from /usr/local/ruby/.rvm/gems/ruby-1.9.2-p180/gems/rspec-core-2.5.1/lib/rspec/core/configuration.rb:386:in `map'
	from /usr/local/ruby/.rvm/gems/ruby-1.9.2-p180/gems/rspec-core-2.5.1/lib/rspec/core/configuration.rb:386:in `load_spec_files'
	from /usr/local/ruby/.rvm/gems/ruby-1.9.2-p180/gems/rspec-core-2.5.1/lib/rspec/core/command_line.rb:18:in `run'
	from /usr/local/ruby/.rvm/gems/ruby-1.9.2-p180/gems/rspec-core-2.5.1/lib/rspec/core/runner.rb:55:in `run_in_process'
	from /usr/local/ruby/.rvm/gems/ruby-1.9.2-p180/gems/rspec-core-2.5.1/lib/rspec/core/runner.rb:46:in `run'
	from /usr/local/ruby/.rvm/gems/ruby-1.9.2-p180/gems/rspec-core-2.5.1/lib/rspec/core/runner.rb:10:in `block in autorun'
ruby@rorserver:~/rails_projects/sample_app$ rspec spec/models/user_spec.rb 
/usr/local/ruby/.rvm/gems/ruby-1.9.2-p180/gems/activesupport-3.0.5/lib/active_support/dependencies.rb:239:in `require': /usr/local/ruby/rails_projects/sample_app/app/models/user.rb:20: syntax error, unexpected tIDENTIFIER, expecting '}' (SyntaxError)
  validates :email, :presence => true,
           ^
	from /usr/local/ruby/.rvm/gems/ruby-1.9.2-p180/gems/activesupport-3.0.5/lib/active_support/dependencies.rb:239:in `block in require'
	from /usr/local/ruby/.rvm/gems/ruby-1.9.2-p180/gems/activesupport-3.0.5/lib/active_support/dependencies.rb:227:in `load_dependency'
	from /usr/local/ruby/.rvm/gems/ruby-1.9.2-p180/gems/activesupport-3.0.5/lib/active_support/dependencies.rb:239:in `require'
	from /usr/local/ruby/.rvm/gems/ruby-1.9.2-p180/gems/activesupport-3.0.5/lib/active_support/dependencies.rb:346:in `require_or_load'
	from /usr/local/ruby/.rvm/gems/ruby-1.9.2-p180/gems/activesupport-3.0.5/lib/active_support/dependencies.rb:300:in `depend_on'
	from /usr/local/ruby/.rvm/gems/ruby-1.9.2-p180/gems/activesupport-3.0.5/lib/active_support/dependencies.rb:216:in `require_dependency'
	from /usr/local/ruby/.rvm/gems/ruby-1.9.2-p180/gems/railties-3.0.5/lib/rails/engine.rb:138:in `block (2 levels) in eager_load!'
	from /usr/local/ruby/.rvm/gems/ruby-1.9.2-p180/gems/railties-3.0.5/lib/rails/engine.rb:137:in `each'
	from /usr/local/ruby/.rvm/gems/ruby-1.9.2-p180/gems/railties-3.0.5/lib/rails/engine.rb:137:in `block in eager_load!'
	from /usr/local/ruby/.rvm/gems/ruby-1.9.2-p180/gems/railties-3.0.5/lib/rails/engine.rb:135:in `each'
	from /usr/local/ruby/.rvm/gems/ruby-1.9.2-p180/gems/railties-3.0.5/lib/rails/engine.rb:135:in `eager_load!'
	from /usr/local/ruby/.rvm/gems/ruby-1.9.2-p180/gems/railties-3.0.5/lib/rails/application.rb:108:in `eager_load!'
	from /usr/local/ruby/.rvm/gems/ruby-1.9.2-p180/gems/railties-3.0.5/lib/rails/application/finisher.rb:41:in `block in <module:Finisher>'
	from /usr/local/ruby/.rvm/gems/ruby-1.9.2-p180/gems/railties-3.0.5/lib/rails/initializable.rb:25:in `instance_exec'
	from /usr/local/ruby/.rvm/gems/ruby-1.9.2-p180/gems/railties-3.0.5/lib/rails/initializable.rb:25:in `run'
	from /usr/local/ruby/.rvm/gems/ruby-1.9.2-p180/gems/railties-3.0.5/lib/rails/initializable.rb:50:in `block in run_initializers'
	from /usr/local/ruby/.rvm/gems/ruby-1.9.2-p180/gems/railties-3.0.5/lib/rails/initializable.rb:49:in `each'
	from /usr/local/ruby/.rvm/gems/ruby-1.9.2-p180/gems/railties-3.0.5/lib/rails/initializable.rb:49:in `run_initializers'
	from /usr/local/ruby/.rvm/gems/ruby-1.9.2-p180/gems/railties-3.0.5/lib/rails/application.rb:134:in `initialize!'
	from /usr/local/ruby/.rvm/gems/ruby-1.9.2-p180/gems/railties-3.0.5/lib/rails/application.rb:77:in `method_missing'
	from /usr/local/ruby/rails_projects/sample_app/config/environment.rb:5:in `<top (required)>'
	from <internal:lib/rubygems/custom_require>:29:in `require'
	from <internal:lib/rubygems/custom_require>:29:in `require'
	from /usr/local/ruby/rails_projects/sample_app/spec/spec_helper.rb:8:in `block in <top (required)>'
	from /usr/local/ruby/.rvm/gems/ruby-1.9.2-p180/gems/spork-0.8.4/lib/spork.rb:23:in `prefork'
	from /usr/local/ruby/rails_projects/sample_app/spec/spec_helper.rb:3:in `<top (required)>'
	from <internal:lib/rubygems/custom_require>:29:in `require'
	from <internal:lib/rubygems/custom_require>:29:in `require'
	from /usr/local/ruby/rails_projects/sample_app/spec/models/user_spec.rb:1:in `<top (required)>'
	from /usr/local/ruby/.rvm/gems/ruby-1.9.2-p180/gems/rspec-core-2.5.1/lib/rspec/core/configuration.rb:386:in `load'
	from /usr/local/ruby/.rvm/gems/ruby-1.9.2-p180/gems/rspec-core-2.5.1/lib/rspec/core/configuration.rb:386:in `block in load_spec_files'
	from /usr/local/ruby/.rvm/gems/ruby-1.9.2-p180/gems/rspec-core-2.5.1/lib/rspec/core/configuration.rb:386:in `map'
	from /usr/local/ruby/.rvm/gems/ruby-1.9.2-p180/gems/rspec-core-2.5.1/lib/rspec/core/configuration.rb:386:in `load_spec_files'
	from /usr/local/ruby/.rvm/gems/ruby-1.9.2-p180/gems/rspec-core-2.5.1/lib/rspec/core/command_line.rb:18:in `run'
	from /usr/local/ruby/.rvm/gems/ruby-1.9.2-p180/gems/rspec-core-2.5.1/lib/rspec/core/runner.rb:55:in `run_in_process'
	from /usr/local/ruby/.rvm/gems/ruby-1.9.2-p180/gems/rspec-core-2.5.1/lib/rspec/core/runner.rb:46:in `run'
	from /usr/local/ruby/.rvm/gems/ruby-1.9.2-p180/gems/rspec-core-2.5.1/lib/rspec/core/runner.rb:10:in `block in autorun'
ruby@rorserver:~/rails_projects/sample_app$ rspec spec/models/user_spec.rb 
........

Finished in 0.23448 seconds
8 examples, 0 failures
ruby@rorserver:~/rails_projects/sample_app$ git add .
ruby@rorserver:~/rails_projects/sample_app$ git commit -m "done chapter 6"
[master d47ba30] done chapter 6
 14 files changed, 1871 insertions(+), 1 deletions(-)
 create mode 100644 app/models/user.rb
 create mode 100644 app/models/user.rb~
 create mode 100644 app/views/users/show.html.erb
 create mode 100644 chapter5.log
 create mode 100644 chapter5.log~
 create mode 100644 db/migrate/20110411034525_create_users.rb
 create mode 100644 spec/models/user_spec.rb
 create mode 100644 spec/models/user_spec.rb~
ruby@rorserver:~/rails_projects/sample_app$ git push
ssh: Could not resolve hostname github.com: Name or service not known
fatal: The remote end hung up unexpectedly
ruby@rorserver:~/rails_projects/sample_app$ git push
Counting objects: 42, done.
Compressing objects: 100% (26/26), done.
Writing objects: 100% (27/27), 8.32 KiB, done.
Total 27 (delta 10), reused 0 (delta 0)
To git@github.com:horvand/sample_app.git
   e3fa655..d47ba30  master -> master
ruby@rorserver:~/rails_projects/sample_app$ git push heroku
Counting objects: 42, done.
Compressing objects: 100% (26/26), done.
Writing objects: 100% (27/27), 8.34 KiB, done.
Total 27 (delta 10), reused 0 (delta 0)

-----> Heroku receiving push
-----> Rails app detected
-----> Detected Rails is not set to serve static_assets
       Installing rails3_serve_static_assets... done
-----> Configure Rails 3 to disable x-sendfile
       Installing rails3_disable_x_sendfile... done
-----> Configure Rails to log to stdout
       Installing rails_log_stdout... done
-----> Gemfile detected, running Bundler version 1.0.7
       Unresolved dependencies detected; Installing...
       Using --without development:test
       Fetching source index for http://rubygems.org/
       Installing rake (0.8.7) 
       Installing abstract (1.0.0) 
       Installing activesupport (3.0.5) 
       Installing builder (2.1.2) 
       Installing i18n (0.5.0) 
       Installing activemodel (3.0.5) 
       Installing erubis (2.6.6) 
       Installing rack (1.2.2) 
       Installing rack-mount (0.6.14) 
       Installing rack-test (0.5.7) 
       Installing tzinfo (0.3.26) 
       Installing actionpack (3.0.5) 
       Installing mime-types (1.16) 
       Installing polyglot (0.3.1) 
       Installing treetop (1.4.9) 
       Installing mail (2.2.15) 
       Installing actionmailer (3.0.5) 
       Installing arel (2.0.9) 
       Installing activerecord (3.0.5) 
       Installing activeresource (3.0.5) 
       Using bundler (1.0.7) 
       Installing thor (0.14.6) 
       Installing railties (3.0.5) 
       Installing rails (3.0.5) 
       Installing sqlite3-ruby (1.3.2) with native extensions 
       Your bundle is complete! It was installed into ./.bundle/gems/
       Compiled slug size is 3.9MB
-----> Launching... done
       http://simple-night-897.heroku.com deployed to Heroku

To git@heroku.com:simple-night-897.git
   e3fa655..d47ba30  master -> master
ruby@rorserver:~/rails_projects/sample_app$ rspec spec/
.....................

Finished in 0.53801 seconds
21 examples, 0 failures
ruby@rorserver:~/rails_projects/sample_app$ rails s
=> Booting WEBrick
=> Rails 3.0.5 application starting in development on http://0.0.0.0:3000
=> Call with -d to detach
=> Ctrl-C to shutdown server
[2011-04-11 07:16:59] INFO  WEBrick 1.3.1
[2011-04-11 07:16:59] INFO  ruby 1.9.2 (2011-02-18) [x86_64-linux]
[2011-04-11 07:16:59] INFO  WEBrick::HTTPServer#start: pid=2298 port=3000


Started GET "/pages/home" for 127.0.0.1 at 2011-04-11 07:17:07 +0100
  Processing by PagesController#home as HTML
Rendered layouts/_stylesheets.html.erb (1.4ms)
Rendered layouts/_header.html.erb (1.3ms)
Rendered layouts/_footer.html.erb (0.5ms)
Rendered pages/home.html.erb within layouts/application (11.5ms)
Completed 200 OK in 18ms (Views: 17.3ms | ActiveRecord: 0.0ms)


Started GET "/pages/users" for 127.0.0.1 at 2011-04-11 07:17:17 +0100

ActionController::RoutingError (No route matches "/pages/users"):
  

Rendered /usr/local/ruby/.rvm/gems/ruby-1.9.2-p180/gems/actionpack-3.0.5/lib/action_dispatch/middleware/templates/rescues/routing_error.erb within rescues/layout (0.9ms)


Started GET "/pages/" for 127.0.0.1 at 2011-04-11 07:17:22 +0100

ActionController::RoutingError (No route matches "/pages"):
  

Rendered /usr/local/ruby/.rvm/gems/ruby-1.9.2-p180/gems/actionpack-3.0.5/lib/action_dispatch/middleware/templates/rescues/routing_error.erb within rescues/layout (0.9ms)


Started GET "/users" for 127.0.0.1 at 2011-04-11 07:17:28 +0100

AbstractController::ActionNotFound (The action 'index' could not be found for UsersController):
  

Rendered /usr/local/ruby/.rvm/gems/ruby-1.9.2-p180/gems/actionpack-3.0.5/lib/action_dispatch/middleware/templates/rescues/unknown_action.erb within rescues/layout (0.5ms)


Started GET "/users/new" for 127.0.0.1 at 2011-04-11 07:17:36 +0100
  Processing by UsersController#new as HTML
Rendered layouts/_stylesheets.html.erb (1.1ms)
Rendered layouts/_header.html.erb (1.5ms)
Rendered layouts/_footer.html.erb (0.9ms)
Rendered users/new.html.erb within layouts/application (8.1ms)
Completed 200 OK in 12ms (Views: 11.6ms | ActiveRecord: 0.0ms)


Started GET "/users/1" for 127.0.0.1 at 2011-04-11 07:18:23 +0100
  Processing by UsersController#show as HTML
  Parameters: {"id"=>"1"}
  SQL (1.6ms)   SELECT name
 FROM sqlite_master
 WHERE type = 'table' AND NOT name = 'sqlite_sequence'

  User Load (0.1ms)  SELECT "users".* FROM "users" WHERE "users"."id" = 1 LIMIT 1
Completed   in 87ms

ActiveRecord::RecordNotFound (Couldn't find User with ID=1):
  app/controllers/users_controller.rb:7:in `show'

Rendered /usr/local/ruby/.rvm/gems/ruby-1.9.2-p180/gems/actionpack-3.0.5/lib/action_dispatch/middleware/templates/rescues/_trace.erb (1.1ms)
Rendered /usr/local/ruby/.rvm/gems/ruby-1.9.2-p180/gems/actionpack-3.0.5/lib/action_dispatch/middleware/templates/rescues/_request_and_response.erb (3.1ms)
Rendered /usr/local/ruby/.rvm/gems/ruby-1.9.2-p180/gems/actionpack-3.0.5/lib/action_dispatch/middleware/templates/rescues/diagnostics.erb within rescues/layout (9.1ms)
  C-c C-c[2011-04-11 07:19:02] INFO  going to shutdown ...
[2011-04-11 07:19:02] INFO  WEBrick::HTTPServer#start done.
Exiting
ruby@rorserver:~/rails_projects/sample_app$ 